exports[`About renders correctly 1`] = `
<section
  className="about">
  <h2>
    About
  </h2>
  <button
    onClick={[Function]}>
    Get JSON
  </button>
  <test-file-stub
    0={
      Object {
        "body": "testBody",
        "id": 1,
        "title": "testTitle",
      }
    } />
</section>
`;
