// Jest Snapshot v1, https://goo.gl/fbAQLP

exports[`Header renders correctly 1`] = `
<header>
  <h1>
    Header
  </h1>
  <nav
    className="nav"
  >
    <img
      src="test-file-stub"
    />
    <ul>
      <li>
        <a
          className="active "
          href="/"
          onClick={[Function]}
          style={Object {}}
        >
          Home
        </a>
      </li>
      <li>
        <a
          className={undefined}
          href="/about"
          onClick={[Function]}
          style={undefined}
        >
          About
        </a>
      </li>
    </ul>
  </nav>
</header>
`;
