// Jest Snapshot v1, https://goo.gl/fbAQLP

exports[`Nav renders correctly 1`] = `
<nav
  className="nav"
>
  <img
    src="test-file-stub"
  />
  <ul>
    <li>
      <a
        className="active "
        href="/"
        onClick={[Function]}
        style={Object {}}
      >
        Home
      </a>
    </li>
    <li>
      <a
        className={undefined}
        href="/about"
        onClick={[Function]}
        style={undefined}
      >
        About
      </a>
    </li>
  </ul>
</nav>
`;
