exports[`Nav renders correctly 1`] = `
<nav
  className="nav">
  <img
    src="test-file-stub" />
  <ul>
    <li>
      <a
        onClick={[Function]}
        style={Object {}}>
        Home
      </a>
    </li>
    <li>
      <a
        onClick={[Function]}
        style={Object {}}>
        About
      </a>
    </li>
  </ul>
</nav>
`;
