// Jest Snapshot v1, https://goo.gl/fbAQLP

exports[`About renders correctly 1`] = `
<section
  className="about"
>
  <h2>
    About
  </h2>
  <button
    onClick={[Function]}
  >
    Get JSON
  </button>
  <div>
    <ul
      className="list-group"
    />
  </div>
</section>
`;
